
> animal-forest-frontend@0.1.0 test
> react-scripts test src/components/__tests__/TileGridRenderer.test.tsx --watchAll=false

  console.log
    [36m<body>[39m
      [36m<div>[39m
        [36m<div[39m
          [33mclass[39m=[32m"flex flex-col items-center"[39m
        [36m>[39m
          [36m<div[39m
            [33mclass[39m=[32m"mb-2 font-bold text-yellow-600 bg-yellow-100 px-4 py-1 rounded-full shadow-sm"[39m
            [33mdata-testid[39m=[32m"bells-display"[39m
          [36m>[39m
            [0m?뮥 [0m
            [0m500[0m
            [0m Bells[0m
          [36m</div>[39m
          [36m<div[39m
            [33mclass[39m=[32m"tile-grid-container"[39m
          [36m>[39m
            [36m<div[39m
              [33mclass[39m=[32m"tile-row"[39m
            [36m>[39m
              [36m<div[39m
                [33mclass[39m=[32m"tile-cell tile-grass"[39m
                [33mtitle[39m=[32m"(0, 0) grass"[39m
              [36m/>[39m
              [36m<div[39m
                [33mclass[39m=[32m"tile-cell tile-grass"[39m
                [33mtitle[39m=[32m"(1, 0) grass"[39m
              [36m/>[39m
            [36m</div>[39m
            [36m<div[39m
              [33mclass[39m=[32m"tile-row"[39m
            [36m>[39m
              [36m<div[39m
                [33mclass[39m=[32m"tile-cell tile-grass"[39m
                [33mtitle[39m=[32m"(0, 1) grass"[39m
              [36m/>[39m
              [36m<div[39m
                [33mclass[39m=[32m"tile-cell tile-grass"[39m
                [33mtitle[39m=[32m"(1, 1) grass"[39m
              [36m/>[39m
            [36m</div>[39m
          [36m</div>[39m
        [36m</div>[39m
      [36m</div>[39m
    [36m</body>[39m
    
    /mnt/d/progress/animal forest coding/frontend/src/components/__tests__/TileGridRenderer.test.tsx:36:16
      34 |         );
      35 |         // Debug output
    > 36 |         screen.debug();
         |                ^

      at logDOM (node_modules/@testing-library/dom/dist/pretty-dom.js:91:13)

  console.log
    Store State: {
      "world": {
        "width": 2,
        "height": 2,
        "tiles": [
          [
            {
              "x": 0,
              "y": 0,
              "type": "grass"
            },
            {
              "x": 1,
              "y": 0,
              "type": "grass"
            }
          ],
          [
            {
              "x": 0,
              "y": 1,
              "type": "grass"
            },
            {
              "x": 1,
              "y": 1,
              "type": "grass"
            }
          ]
        ]
      },
      "economy": {
        "bells": 500
      },
      "progression": {}
    }

      at Object.<anonymous> (src/components/__tests__/TileGridRenderer.test.tsx:37:17)

  console.log
    [36m<body>[39m
      [36m<div>[39m
        [36m<div[39m
          [33mclass[39m=[32m"flex flex-col items-center"[39m
        [36m>[39m
          [36m<div[39m
            [33mclass[39m=[32m"mb-2 font-bold text-yellow-600 bg-yellow-100 px-4 py-1 rounded-full shadow-sm"[39m
            [33mdata-testid[39m=[32m"bells-display"[39m
          [36m>[39m
            [0m?뮥 [0m
            [0m500[0m
            [0m Bells[0m
          [36m</div>[39m
          [36m<div[39m
            [33mclass[39m=[32m"tile-grid-container"[39m
          [36m>[39m
            [36m<div[39m
              [33mclass[39m=[32m"tile-row"[39m
            [36m>[39m
              [36m<div[39m
                [33mclass[39m=[32m"tile-cell tile-grass"[39m
                [33mtitle[39m=[32m"(0, 0) grass"[39m
              [36m/>[39m
              [36m<div[39m
                [33mclass[39m=[32m"tile-cell tile-grass"[39m
                [33mtitle[39m=[32m"(1, 0) grass"[39m
              [36m/>[39m
            [36m</div>[39m
            [36m<div[39m
              [33mclass[39m=[32m"tile-row"[39m
            [36m>[39m
              [36m<div[39m
                [33mclass[39m=[32m"tile-cell tile-grass"[39m
                [33mtitle[39m=[32m"(0, 1) grass"[39m
              [36m/>[39m
              [36m<div[39m
                [33mclass[39m=[32m"tile-cell tile-grass"[39m
                [33mtitle[39m=[32m"(1, 1) grass"[39m
              [36m/>[39m
            [36m</div>[39m
          [36m</div>[39m
        [36m</div>[39m
      [36m</div>[39m
    [36m</body>[39m
    
    /mnt/d/progress/animal forest coding/frontend/src/components/__tests__/TileGridRenderer.test.tsx:48:16
      46 |             </Provider>
      47 |         );
    > 48 |         screen.debug();
         |                ^

      at logDOM (node_modules/@testing-library/dom/dist/pretty-dom.js:91:13)

  console.log
    Store State (Tiles): {
      "width": 2,
      "height": 2,
      "tiles": [
        [
          {
            "x": 0,
            "y": 0,
            "type": "grass"
          },
          {
            "x": 1,
            "y": 0,
            "type": "grass"
          }
        ],
        [
          {
            "x": 0,
            "y": 1,
            "type": "grass"
          },
          {
            "x": 1,
            "y": 1,
            "type": "grass"
          }
        ]
      ]
    }

      at Object.<anonymous> (src/components/__tests__/TileGridRenderer.test.tsx:49:17)

wsl : FAIL src/components/__tests__/TileGridRenderer.test.tsx (9.648 s)
위치 줄:1 문자:1
+ wsl npm test -- src/components/__tests__/TileGridRenderer.test.tsx -- ...
+ ~~~~~~~~~~~~~~~~~~~~~~~~~~~~~~~~~~~~~~~~~~~~~~~~~~~~~~~~~~~~~~~~~~~~~
    + CategoryInfo          : NotSpecified: (FAIL src/compon...t.tsx (9.648 s):String) [], RemoteException
    + FullyQualifiedErrorId : NativeCommandError
 
  TileGridRenderer
    ??renders bells correctly (167 ms)
    ??renders grid tiles (13 ms)

  ??TileGridRenderer ??renders bells correctly

    TypeError: expect(...).toBeInTheDocument is not a function

      37 |         console.log('Store State:', JSON.stringify(store.getState(), null, 2));
      38 |
    > 39 |         expect(screen.getByText(/500 Bells/)).toBeInTheDocument();
         |                                               ^
      40 |     });
      41 |
      42 |     test('renders grid tiles', () => {

      at Object.<anonymous> (src/components/__tests__/TileGridRenderer.test.tsx:39:47)
      at TestScheduler.scheduleTests (node_modules/@jest/core/build/TestScheduler.js:333:13)
      at runJest (node_modules/@jest/core/build/runJest.js:404:19)
      at _run10000 (node_modules/@jest/core/build/cli/index.js:320:7)
      at runCLI (node_modules/@jest/core/build/cli/index.js:173:3)

  ??TileGridRenderer ??renders grid tiles

    TypeError: expect(...).toBeInTheDocument is not a function

      53 |         // We can't easily query by class in testing-library without setup, 
      54 |         // but we can query by title "(0, 0) grass"
    > 55 |         expect(screen.getByTitle('(0, 0) grass')).toBeInTheDocument();
         |                                                   ^
      56 |         expect(screen.getByTitle('(1, 1) grass')).toBeInTheDocument();
      57 |     });
      58 | });

      at Object.<anonymous> (src/components/__tests__/TileGridRenderer.test.tsx:55:51)
      at TestScheduler.scheduleTests (node_modules/@jest/core/build/TestScheduler.js:333:13)
      at runJest (node_modules/@jest/core/build/runJest.js:404:19)
      at _run10000 (node_modules/@jest/core/build/cli/index.js:320:7)
      at runCLI (node_modules/@jest/core/build/cli/index.js:173:3)

Test Suites: 1 failed, 1 total
Tests:       2 failed, 2 total
Snapshots:   0 total
Time:        18.904 s
Ran all test suites matching /src\/components\/__tests__\/TileGridRenderer.test.tsx/i.
